---------------------------------------------------------------------------------------------------------------
Lucas dos Santos Abreu                                                                     - 19/10/2013 - 22:00
---------------------------------------------------------------------------------------------------------------

 Categoria: Alimentação                                                                                        
  
  Número      Data       Descrição                                                                   Valor
  ----------- ---------- --------------------------------------------------------------------------- ----------
          100 18/10/2013 Almoço                                                                           10,10
          101 19/10/2013 Almoço                                                                           10,10
          102 20/10/2013 Almoço                                                                           10,10
                                                                                                     ----------
                                                                                        Valor Total:      30,30
          
 Categoria: Lazer
  
  Número      Data       Descrição                                                                   Valor
  ----------- ---------- --------------------------------------------------------------------------- ----------
          103 19/10/2013 Guerra dos Tronos                                                                10,10
          104 20/10/2013 O Pequeno Principe                                                               10,10
                                                                                                     ----------
                                                                                        Valor Total:      20,20
                                                ****** CHEQUES ******
                                        
  Banco             Conta          Número      Favorecido           Cadastro   Compensado Situação   Valor
-----------------
--------------
-----------
--------------------
----------
----------
----------
----------
  BB                1231-7                1000 Joziel               19/10/2013            CADASTRADO   1.000,00
  BB                1231-7                1000 Joziel               19/10/2013            CADASTRADO   1.000,00
  BB                1231-7                1000 Joziel               19/10/2013            CADASTRADO   1.000,00
  BB                1231-7                1000 Joziel               19/10/2013            CADASTRADO   1.000,00
  BB                1231-7                1000 Joziel               19/10/2013            CADASTRADO   1.000,00
                                                                                                     ----------
                                                                                        Valor Total:   5.000,00
                                                                                        
                                                                             *** Saldo do Orçamento:  10.000,00
                                                                             
---------------------------------------------------------------------------------------------------------------